CRITICAL - 2026-04-24 08:14:32 --> CodeIgniter\View\Exceptions\ViewException: Invalid file: "v_transaksi.php"
[Method: GET, Route: keranjang]
in SYSTEMPATH\Exceptions\FrameworkException.php on line 39.
 1 SYSTEMPATH\View\View.php(228): CodeIgniter\Exceptions\FrameworkException::forInvalidFile('v_transaksi.php')
 2 SYSTEMPATH\Common.php(1250): CodeIgniter\View\View->render('v_transaksi', [], true)
 3 APPPATH\Controllers\TransaksiController.php(12): view('v_transaksi')
 4 SYSTEMPATH\CodeIgniter.php(951): App\Controllers\TransaksiController->index()
 5 SYSTEMPATH\CodeIgniter.php(497): CodeIgniter\CodeIgniter->runController(Object(App\Controllers\TransaksiController))
 6 SYSTEMPATH\CodeIgniter.php(340): CodeIgniter\CodeIgniter->handleRequest(null, Object(Config\Cache), false)
 7 SYSTEMPATH\Boot.php(417): CodeIgniter\CodeIgniter->run()
 8 SYSTEMPATH\Boot.php(68): CodeIgniter\Boot::runCodeIgniter(Object(CodeIgniter\CodeIgniter))
 9 FCPATH\index.php(59): CodeIgniter\Boot::bootWeb(Object(Config\Paths))
10 SYSTEMPATH\rewrite.php(44): require_once('C:\\belajar-ci\\belajar-ci\\public\\index.php')
CRITICAL - 2026-04-24 08:15:17 --> CodeIgniter\View\Exceptions\ViewException: Invalid file: "v_transaksi.php"
[Method: GET, Route: keranjang]
in SYSTEMPATH\Exceptions\FrameworkException.php on line 39.
 1 SYSTEMPATH\View\View.php(228): CodeIgniter\Exceptions\FrameworkException::forInvalidFile('v_transaksi.php')
 2 SYSTEMPATH\Common.php(1250): CodeIgniter\View\View->render('v_transaksi', [], true)
 3 APPPATH\Controllers\TransaksiController.php(12): view('v_transaksi')
 4 SYSTEMPATH\CodeIgniter.php(951): App\Controllers\TransaksiController->index()
 5 SYSTEMPATH\CodeIgniter.php(497): CodeIgniter\CodeIgniter->runController(Object(App\Controllers\TransaksiController))
 6 SYSTEMPATH\CodeIgniter.php(340): CodeIgniter\CodeIgniter->handleRequest(null, Object(Config\Cache), false)
 7 SYSTEMPATH\Boot.php(417): CodeIgniter\CodeIgniter->run()
 8 SYSTEMPATH\Boot.php(68): CodeIgniter\Boot::runCodeIgniter(Object(CodeIgniter\CodeIgniter))
 9 FCPATH\index.php(59): CodeIgniter\Boot::bootWeb(Object(Config\Paths))
10 SYSTEMPATH\rewrite.php(44): require_once('C:\\belajar-ci\\belajar-ci\\public\\index.php')
CRITICAL - 2026-04-24 08:18:03 --> CodeIgniter\View\Exceptions\ViewException: Invalid file: "v_transaksi.php"
[Method: GET, Route: keranjang]
in SYSTEMPATH\Exceptions\FrameworkException.php on line 39.
 1 SYSTEMPATH\View\View.php(228): CodeIgniter\Exceptions\FrameworkException::forInvalidFile('v_transaksi.php')
 2 SYSTEMPATH\Common.php(1250): CodeIgniter\View\View->render('v_transaksi', [], true)
 3 APPPATH\Controllers\TransaksiController.php(12): view('v_transaksi')
 4 SYSTEMPATH\CodeIgniter.php(951): App\Controllers\TransaksiController->index()
 5 SYSTEMPATH\CodeIgniter.php(497): CodeIgniter\CodeIgniter->runController(Object(App\Controllers\TransaksiController))
 6 SYSTEMPATH\CodeIgniter.php(340): CodeIgniter\CodeIgniter->handleRequest(null, Object(Config\Cache), false)
 7 SYSTEMPATH\Boot.php(417): CodeIgniter\CodeIgniter->run()
 8 SYSTEMPATH\Boot.php(68): CodeIgniter\Boot::runCodeIgniter(Object(CodeIgniter\CodeIgniter))
 9 FCPATH\index.php(59): CodeIgniter\Boot::bootWeb(Object(Config\Paths))
10 SYSTEMPATH\rewrite.php(44): require_once('C:\\belajar-ci\\belajar-ci\\public\\index.php')
CRITICAL - 2026-04-24 08:18:09 --> CodeIgniter\View\Exceptions\ViewException: Invalid file: "v_transaksi.php"
[Method: GET, Route: keranjang]
in SYSTEMPATH\Exceptions\FrameworkException.php on line 39.
 1 SYSTEMPATH\View\View.php(228): CodeIgniter\Exceptions\FrameworkException::forInvalidFile('v_transaksi.php')
 2 SYSTEMPATH\Common.php(1250): CodeIgniter\View\View->render('v_transaksi', [], true)
 3 APPPATH\Controllers\TransaksiController.php(12): view('v_transaksi')
 4 SYSTEMPATH\CodeIgniter.php(951): App\Controllers\TransaksiController->index()
 5 SYSTEMPATH\CodeIgniter.php(497): CodeIgniter\CodeIgniter->runController(Object(App\Controllers\TransaksiController))
 6 SYSTEMPATH\CodeIgniter.php(340): CodeIgniter\CodeIgniter->handleRequest(null, Object(Config\Cache), false)
 7 SYSTEMPATH\Boot.php(417): CodeIgniter\CodeIgniter->run()
 8 SYSTEMPATH\Boot.php(68): CodeIgniter\Boot::runCodeIgniter(Object(CodeIgniter\CodeIgniter))
 9 FCPATH\index.php(59): CodeIgniter\Boot::bootWeb(Object(Config\Paths))
10 SYSTEMPATH\rewrite.php(44): require_once('C:\\belajar-ci\\belajar-ci\\public\\index.php')
CRITICAL - 2026-04-24 08:18:31 --> CodeIgniter\View\Exceptions\ViewException: Invalid file: "v_transaksi.php"
[Method: GET, Route: keranjang]
in SYSTEMPATH\Exceptions\FrameworkException.php on line 39.
 1 SYSTEMPATH\View\View.php(228): CodeIgniter\Exceptions\FrameworkException::forInvalidFile('v_transaksi.php')
 2 SYSTEMPATH\Common.php(1250): CodeIgniter\View\View->render('v_transaksi', [], true)
 3 APPPATH\Controllers\TransaksiController.php(12): view('v_transaksi')
 4 SYSTEMPATH\CodeIgniter.php(951): App\Controllers\TransaksiController->index()
 5 SYSTEMPATH\CodeIgniter.php(497): CodeIgniter\CodeIgniter->runController(Object(App\Controllers\TransaksiController))
 6 SYSTEMPATH\CodeIgniter.php(340): CodeIgniter\CodeIgniter->handleRequest(null, Object(Config\Cache), false)
 7 SYSTEMPATH\Boot.php(417): CodeIgniter\CodeIgniter->run()
 8 SYSTEMPATH\Boot.php(68): CodeIgniter\Boot::runCodeIgniter(Object(CodeIgniter\CodeIgniter))
 9 FCPATH\index.php(59): CodeIgniter\Boot::bootWeb(Object(Config\Paths))
10 SYSTEMPATH\rewrite.php(44): require_once('C:\\belajar-ci\\belajar-ci\\public\\index.php')
CRITICAL - 2026-04-24 08:18:32 --> CodeIgniter\View\Exceptions\ViewException: Invalid file: "v_transaksi.php"
[Method: GET, Route: keranjang]
in SYSTEMPATH\Exceptions\FrameworkException.php on line 39.
 1 SYSTEMPATH\View\View.php(228): CodeIgniter\Exceptions\FrameworkException::forInvalidFile('v_transaksi.php')
 2 SYSTEMPATH\Common.php(1250): CodeIgniter\View\View->render('v_transaksi', [], true)
 3 APPPATH\Controllers\TransaksiController.php(12): view('v_transaksi')
 4 SYSTEMPATH\CodeIgniter.php(951): App\Controllers\TransaksiController->index()
 5 SYSTEMPATH\CodeIgniter.php(497): CodeIgniter\CodeIgniter->runController(Object(App\Controllers\TransaksiController))
 6 SYSTEMPATH\CodeIgniter.php(340): CodeIgniter\CodeIgniter->handleRequest(null, Object(Config\Cache), false)
 7 SYSTEMPATH\Boot.php(417): CodeIgniter\CodeIgniter->run()
 8 SYSTEMPATH\Boot.php(68): CodeIgniter\Boot::runCodeIgniter(Object(CodeIgniter\CodeIgniter))
 9 FCPATH\index.php(59): CodeIgniter\Boot::bootWeb(Object(Config\Paths))
10 SYSTEMPATH\rewrite.php(44): require_once('C:\\belajar-ci\\belajar-ci\\public\\index.php')
CRITICAL - 2026-04-24 08:19:06 --> CodeIgniter\View\Exceptions\ViewException: Invalid file: "v_transaksi.php"
[Method: GET, Route: keranjang]
in SYSTEMPATH\Exceptions\FrameworkException.php on line 39.
 1 SYSTEMPATH\View\View.php(228): CodeIgniter\Exceptions\FrameworkException::forInvalidFile('v_transaksi.php')
 2 SYSTEMPATH\Common.php(1250): CodeIgniter\View\View->render('v_transaksi', [], true)
 3 APPPATH\Controllers\TransaksiController.php(12): view('v_transaksi')
 4 SYSTEMPATH\CodeIgniter.php(951): App\Controllers\TransaksiController->index()
 5 SYSTEMPATH\CodeIgniter.php(497): CodeIgniter\CodeIgniter->runController(Object(App\Controllers\TransaksiController))
 6 SYSTEMPATH\CodeIgniter.php(340): CodeIgniter\CodeIgniter->handleRequest(null, Object(Config\Cache), false)
 7 SYSTEMPATH\Boot.php(417): CodeIgniter\CodeIgniter->run()
 8 SYSTEMPATH\Boot.php(68): CodeIgniter\Boot::runCodeIgniter(Object(CodeIgniter\CodeIgniter))
 9 FCPATH\index.php(59): CodeIgniter\Boot::bootWeb(Object(Config\Paths))
10 SYSTEMPATH\rewrite.php(44): require_once('C:\\belajar-ci\\belajar-ci\\public\\index.php')
CRITICAL - 2026-04-24 08:19:15 --> CodeIgniter\View\Exceptions\ViewException: Invalid file: "v_transaksi.php"
[Method: GET, Route: keranjang]
in SYSTEMPATH\Exceptions\FrameworkException.php on line 39.
 1 SYSTEMPATH\View\View.php(228): CodeIgniter\Exceptions\FrameworkException::forInvalidFile('v_transaksi.php')
 2 SYSTEMPATH\Common.php(1250): CodeIgniter\View\View->render('v_transaksi', [], true)
 3 APPPATH\Controllers\TransaksiController.php(12): view('v_transaksi')
 4 SYSTEMPATH\CodeIgniter.php(951): App\Controllers\TransaksiController->index()
 5 SYSTEMPATH\CodeIgniter.php(497): CodeIgniter\CodeIgniter->runController(Object(App\Controllers\TransaksiController))
 6 SYSTEMPATH\CodeIgniter.php(340): CodeIgniter\CodeIgniter->handleRequest(null, Object(Config\Cache), false)
 7 SYSTEMPATH\Boot.php(417): CodeIgniter\CodeIgniter->run()
 8 SYSTEMPATH\Boot.php(68): CodeIgniter\Boot::runCodeIgniter(Object(CodeIgniter\CodeIgniter))
 9 FCPATH\index.php(59): CodeIgniter\Boot::bootWeb(Object(Config\Paths))
10 SYSTEMPATH\rewrite.php(44): require_once('C:\\belajar-ci\\belajar-ci\\public\\index.php')
CRITICAL - 2026-04-24 08:20:09 --> CodeIgniter\View\Exceptions\ViewException: Invalid file: "v_transaksi.php"
[Method: GET, Route: keranjang]
in SYSTEMPATH\Exceptions\FrameworkException.php on line 39.
 1 SYSTEMPATH\View\View.php(228): CodeIgniter\Exceptions\FrameworkException::forInvalidFile('v_transaksi.php')
 2 SYSTEMPATH\Common.php(1250): CodeIgniter\View\View->render('v_transaksi', [], true)
 3 APPPATH\Controllers\TransaksiController.php(12): view('v_transaksi')
 4 SYSTEMPATH\CodeIgniter.php(951): App\Controllers\TransaksiController->index()
 5 SYSTEMPATH\CodeIgniter.php(497): CodeIgniter\CodeIgniter->runController(Object(App\Controllers\TransaksiController))
 6 SYSTEMPATH\CodeIgniter.php(340): CodeIgniter\CodeIgniter->handleRequest(null, Object(Config\Cache), false)
 7 SYSTEMPATH\Boot.php(417): CodeIgniter\CodeIgniter->run()
 8 SYSTEMPATH\Boot.php(68): CodeIgniter\Boot::runCodeIgniter(Object(CodeIgniter\CodeIgniter))
 9 FCPATH\index.php(59): CodeIgniter\Boot::bootWeb(Object(Config\Paths))
10 SYSTEMPATH\rewrite.php(44): require_once('C:\\belajar-ci\\belajar-ci\\public\\index.php')
DEBUG - 2026-04-24 10:46:13 --> Session: Class initialized using 'CodeIgniter\Session\Handlers\FileHandler' driver.
DEBUG - 2026-04-24 10:47:22 --> Session: Class initialized using 'CodeIgniter\Session\Handlers\FileHandler' driver.
DEBUG - 2026-04-24 10:49:28 --> Session: Class initialized using 'CodeIgniter\Session\Handlers\FileHandler' driver.
DEBUG - 2026-04-24 10:51:10 --> Session: Class initialized using 'CodeIgniter\Session\Handlers\FileHandler' driver.
DEBUG - 2026-04-24 10:52:08 --> Session: Class initialized using 'CodeIgniter\Session\Handlers\FileHandler' driver.
DEBUG - 2026-04-24 10:53:10 --> Session: Class initialized using 'CodeIgniter\Session\Handlers\FileHandler' driver.
DEBUG - 2026-04-24 10:57:19 --> Session: Class initialized using 'CodeIgniter\Session\Handlers\FileHandler' driver.
DEBUG - 2026-04-24 10:58:52 --> Session: Class initialized using 'CodeIgniter\Session\Handlers\FileHandler' driver.
DEBUG - 2026-04-24 11:04:20 --> Session: Class initialized using 'CodeIgniter\Session\Handlers\FileHandler' driver.
DEBUG - 2026-04-24 11:05:59 --> Session: Class initialized using 'CodeIgniter\Session\Handlers\FileHandler' driver.
DEBUG - 2026-04-24 11:06:53 --> Session: Class initialized using 'CodeIgniter\Session\Handlers\FileHandler' driver.
DEBUG - 2026-04-24 11:09:53 --> Session: Class initialized using 'CodeIgniter\Session\Handlers\FileHandler' driver.
DEBUG - 2026-04-24 11:10:58 --> Session: Class initialized using 'CodeIgniter\Session\Handlers\FileHandler' driver.
DEBUG - 2026-04-24 11:13:40 --> Session: Class initialized using 'CodeIgniter\Session\Handlers\FileHandler' driver.
DEBUG - 2026-04-24 11:15:44 --> Session: Class initialized using 'CodeIgniter\Session\Handlers\FileHandler' driver.
DEBUG - 2026-04-24 11:20:08 --> Session: Class initialized using 'CodeIgniter\Session\Handlers\FileHandler' driver.
DEBUG - 2026-04-24 11:24:00 --> Session: Class initialized using 'CodeIgniter\Session\Handlers\FileHandler' driver.
DEBUG - 2026-04-24 11:26:32 --> Session: Class initialized using 'CodeIgniter\Session\Handlers\FileHandler' driver.
DEBUG - 2026-04-24 11:28:48 --> Session: Class initialized using 'CodeIgniter\Session\Handlers\FileHandler' driver.
DEBUG - 2026-04-24 11:30:21 --> Session: Class initialized using 'CodeIgniter\Session\Handlers\FileHandler' driver.
